
> project@0.0.0 dev
> ng serve --configuration=development --host 127.0.0.1 --port 4201

[32m✔[0m [33mConsole Ninja[0m extension is connected to [33mAngular[0m, see [36mhttps://tinyurl.com/2vt8jxzw[0m
[33m❯[39m Building...
[32m✔[39m Building...
[1mInitial chunk files[22m                     [2m | [22m[1mNames[22m                       [2m | [22m [1mRaw size[22m
[32mstyles.css[39m                              [2m | [22m[2mstyles[22m                      [2m | [22m[36m597.73 kB[39m[2m | [22m
[32mmain.js[39m                                 [2m | [22m[2mmain[22m                        [2m | [22m [36m55.02 kB[39m[2m | [22m
[32mchunk-CZJLB7T5.js[39m                       [2m | [22m[2m-[22m                           [2m | [22m  [36m1.08 kB[39m[2m | [22m
[32mpolyfills.js[39m                            [2m | [22m[2mpolyfills[22m                   [2m | [22m [36m95 bytes[39m[2m | [22m

[1m [22m                                       [2m | [22m[1mInitial total[22m               [2m | [22m[1m653.92 kB[22m

[1mLazy chunk files[22m                        [2m | [22m[1mNames[22m                       [2m | [22m [1mRaw size[22m
[32mformula-builder.component-ACN3NZES.js[39m   [2m | [22m[2mformula-builder-component[22m   [2m | [22m [36m89.98 kB[39m[2m | [22m
[32msale-price.component-K5FBYZ5S.js[39m        [2m | [22m[2msale-price-component[22m        [2m | [22m [36m65.23 kB[39m[2m | [22m
[32mproduct-tree.component-DYVTZZO3.js[39m      [2m | [22m[2mproduct-tree-component[22m      [2m | [22m [36m60.92 kB[39m[2m | [22m
[32mproduct-components.component-DOUYV7RE.js[39m[2m | [22m[2mproduct-components-component[22m[2m | [22m [36m57.22 kB[39m[2m | [22m
[32mprice-components.component-3CUAPJYI.js[39m  [2m | [22m[2mprice-components-component[22m  [2m | [22m [36m57.03 kB[39m[2m | [22m
[32mlogin.component-N24AELCO.js[39m             [2m | [22m[2mlogin-component[22m             [2m | [22m [36m54.52 kB[39m[2m | [22m
[32mchunk-DXBHM3KF.js[39m                       [2m | [22m[2m-[22m                           [2m | [22m [36m28.49 kB[39m[2m | [22m
[32mchunk-IFFUYE2Y.js[39m                       [2m | [22m[2m-[22m                           [2m | [22m [36m18.24 kB[39m[2m | [22m
[32mproduct-components.routes-7TL7L5IC.js[39m   [2m | [22m[2mproduct-components-routes[22m   [2m | [22m[36m377 bytes[39m[2m | [22m
[32mprice-components.routes-SBVQI4EH.js[39m     [2m | [22m[2mprice-components-routes[22m     [2m | [22m[36m363 bytes[39m[2m | [22m
[32mformula-builder.routes-N3G2SZ46.js[39m      [2m | [22m[2mformula-builder-routes[22m      [2m | [22m[36m356 bytes[39m[2m | [22m
[32mproduct-tree.routes-WQHTDOXH.js[39m         [2m | [22m[2mproduct-tree-routes[22m         [2m | [22m[36m335 bytes[39m[2m | [22m
[32msale-price.routes-W7PDHYON.js[39m           [2m | [22m[2msale-price-routes[22m           [2m | [22m[36m321 bytes[39m[2m | [22m
[32mlogin.routes-6T6S7VE4.js[39m                [2m | [22m[2mlogin-routes[22m                [2m | [22m[36m289 bytes[39m[2m | [22m

Application bundle generation complete. [9.118 seconds] - 2026-08-17T18:30:24.728Z

Watch mode enabled. Watching for file changes...
NOTE: Raw file sizes do not reflect development server per-request transformations.
  [32m➜[39m  [1mLocal[22m:   [36mhttp://127.0.0.1:[1m4201[22m/[39m
